<object-stream>
<org.drools.core.audit.WorkingMemoryLog>
  <version>6.1</version>
  <events>
    <org.drools.core.audit.event.ActivationLogEvent>
      <type>4</type>
      <activationId>INIT [0]</activationId>
      <rule>INIT</rule>
      <declarations></declarations>
      <factHandleIds>0</factHandleIds>
    </org.drools.core.audit.event.ActivationLogEvent>
    <org.drools.core.audit.event.ActivationLogEvent>
      <type>6</type>
      <activationId>INIT [0]</activationId>
      <rule>INIT</rule>
      <declarations></declarations>
      <factHandleIds>0</factHandleIds>
    </org.drools.core.audit.event.ActivationLogEvent>
    <org.drools.core.audit.event.ObjectLogEvent>
      <type>1</type>
      <factId>1</factId>
      <objectToString>FUTURE</objectToString>
    </org.drools.core.audit.event.ObjectLogEvent>
    <org.drools.core.audit.event.ActivationLogEvent>
      <type>7</type>
      <activationId>INIT [0]</activationId>
      <rule>INIT</rule>
      <declarations></declarations>
      <factHandleIds>0</factHandleIds>
    </org.drools.core.audit.event.ActivationLogEvent>
    <org.drools.core.audit.event.ActivationLogEvent>
      <type>4</type>
      <activationId>ASK [1]</activationId>
      <rule>ASK</rule>
      <declarations>q=FUTURE</declarations>
      <factHandleIds>1</factHandleIds>
    </org.drools.core.audit.event.ActivationLogEvent>
    <org.drools.core.audit.event.ActivationLogEvent>
      <type>6</type>
      <activationId>ASK [1]</activationId>
      <rule>ASK</rule>
      <declarations>q=FUTURE</declarations>
      <factHandleIds>1</factHandleIds>
    </org.drools.core.audit.event.ActivationLogEvent>
    <org.drools.core.audit.event.ObjectLogEvent>
      <type>1</type>
      <factId>2</factId>
      <objectToString>Answer( question=FUTURE, choice=A long time ago in a galaxy far, far away... )</objectToString>
    </org.drools.core.audit.event.ObjectLogEvent>
    <org.drools.core.audit.event.ActivationLogEvent>
      <type>7</type>
      <activationId>ASK [1]</activationId>
      <rule>ASK</rule>
      <declarations>q=FUTURE</declarations>
      <factHandleIds>1</factHandleIds>
    </org.drools.core.audit.event.ActivationLogEvent>
    <org.drools.core.audit.event.ActivationLogEvent>
      <type>4</type>
      <activationId>FUTURE - galaxy [2]</activationId>
      <rule>FUTURE - galaxy</rule>
      <declarations></declarations>
      <factHandleIds>2</factHandleIds>
    </org.drools.core.audit.event.ActivationLogEvent>
    <org.drools.core.audit.event.ActivationLogEvent>
      <type>6</type>
      <activationId>FUTURE - galaxy [2]</activationId>
      <rule>FUTURE - galaxy</rule>
      <declarations></declarations>
      <factHandleIds>2</factHandleIds>
    </org.drools.core.audit.event.ActivationLogEvent>
    <org.drools.core.audit.event.ObjectLogEvent>
      <type>1</type>
      <factId>3</factId>
      <objectToString>GALAXY_FUTURE</objectToString>
    </org.drools.core.audit.event.ObjectLogEvent>
    <org.drools.core.audit.event.ActivationLogEvent>
      <type>7</type>
      <activationId>FUTURE - galaxy [2]</activationId>
      <rule>FUTURE - galaxy</rule>
      <declarations></declarations>
      <factHandleIds>2</factHandleIds>
    </org.drools.core.audit.event.ActivationLogEvent>
    <org.drools.core.audit.event.ActivationLogEvent>
      <type>4</type>
      <activationId>ASK [3]</activationId>
      <rule>ASK</rule>
      <declarations>q=GALAXY_FUTURE</declarations>
      <factHandleIds>3</factHandleIds>
    </org.drools.core.audit.event.ActivationLogEvent>
    <org.drools.core.audit.event.ActivationLogEvent>
      <type>6</type>
      <activationId>ASK [3]</activationId>
      <rule>ASK</rule>
      <declarations>q=GALAXY_FUTURE</declarations>
      <factHandleIds>3</factHandleIds>
    </org.drools.core.audit.event.ActivationLogEvent>
    <org.drools.core.audit.event.ObjectLogEvent>
      <type>1</type>
      <factId>4</factId>
      <objectToString>Answer( question=GALAXY_FUTURE, choice=Why not both? )</objectToString>
    </org.drools.core.audit.event.ObjectLogEvent>
    <org.drools.core.audit.event.ActivationLogEvent>
      <type>7</type>
      <activationId>ASK [3]</activationId>
      <rule>ASK</rule>
      <declarations>q=GALAXY_FUTURE</declarations>
      <factHandleIds>3</factHandleIds>
    </org.drools.core.audit.event.ActivationLogEvent>
    <org.drools.core.audit.event.ActivationLogEvent>
      <type>4</type>
      <activationId>GALAXY_FUTURE - both [4]</activationId>
      <rule>GALAXY_FUTURE - both</rule>
      <declarations></declarations>
      <factHandleIds>4</factHandleIds>
    </org.drools.core.audit.event.ActivationLogEvent>
    <org.drools.core.audit.event.ActivationLogEvent>
      <type>6</type>
      <activationId>GALAXY_FUTURE - both [4]</activationId>
      <rule>GALAXY_FUTURE - both</rule>
      <declarations></declarations>
      <factHandleIds>4</factHandleIds>
    </org.drools.core.audit.event.ActivationLogEvent>
    <org.drools.core.audit.event.ObjectLogEvent>
      <type>1</type>
      <factId>5</factId>
      <objectToString>Result( text=Yourgame is Star Wars Battle Front )</objectToString>
    </org.drools.core.audit.event.ObjectLogEvent>
    <org.drools.core.audit.event.ActivationLogEvent>
      <type>7</type>
      <activationId>GALAXY_FUTURE - both [4]</activationId>
      <rule>GALAXY_FUTURE - both</rule>
      <declarations></declarations>
      <factHandleIds>4</factHandleIds>
    </org.drools.core.audit.event.ActivationLogEvent>
    <org.drools.core.audit.event.ActivationLogEvent>
      <type>4</type>
      <activationId>SHOW [5]</activationId>
      <rule>SHOW</rule>
      <declarations>r=Result( text=Yourgame is Star Wars Battle Front )</declarations>
      <factHandleIds>5</factHandleIds>
    </org.drools.core.audit.event.ActivationLogEvent>
    <org.drools.core.audit.event.ActivationLogEvent>
      <type>6</type>
      <activationId>SHOW [5]</activationId>
      <rule>SHOW</rule>
      <declarations>r=Result( text=Yourgame is Star Wars Battle Front )</declarations>
      <factHandleIds>5</factHandleIds>
    </org.drools.core.audit.event.ActivationLogEvent>
    <org.drools.core.audit.event.ActivationLogEvent>
      <type>7</type>
      <activationId>SHOW [5]</activationId>
      <rule>SHOW</rule>
      <declarations>r=Result( text=Yourgame is Star Wars Battle Front )</declarations>
      <factHandleIds>5</factHandleIds>
    </org.drools.core.audit.event.ActivationLogEvent>
  </events>
</org.drools.core.audit.WorkingMemoryLog>
</object-stream>
